Solid Edge Conversão para STL
Data: domingo,junho 14,2026 05:57
Arquivo de origem:C:\Users\annah\OneDrive\Documents\Faculdade\TCC\TCC2\Modelagem 3D\Design final\PeçaEncaixavelVersãoMelhorada.par
Sistema de origem: SOLID EDGE

Hardware:
Processador 12th Gen Intel(R) Core(TM) i7-12700H
Sistema operacional: Windows 10
Memória Instalada: 15,69 GB

Informações de software:
Versão do Parasolid: 37.0.118
Versão do PSBodyshop: 37.0.94
Versão do Adaptador STL: 15.0.142
Versão do Solid Edge: 225.00.01.004 x64

Opções de exportação do STL:
Formato do arquivo de saída:BINARY
Exportar peças exibidas:Desligado
Opção da estrutura: Monolithic
Exportar unidades:Inch
Exportar valor de tolerância:0,050000
Exportar tipo de tolerância:Custom
Exportar valor do ângulo do plano:0,523599

Progresso da conversão:
Processo de conversão concluído
Tempo requerido para converter:00 : 00 : 01
