Conversão do Solid Edge para o STEP
Data: Wednesday,May 13,2026 03:36PM
Arquivo de saída: C:\Users\annah\OneDrive\Documents\Faculdade\TCC\TCC2\Modelagem 3D\Design final\PlacaParaEncaixeFinal.stp
Autor: Unknown
Organização: Unknown
Sistema de origem: Solid Edge

Hardware:
Processador: 12th Gen Intel(R) Core(TM) i7-12700H
Sistema operacional: Windows 11 Version:25H2 Build:26200 System Type:64-bit
Memória instalada: 15.69 GB

Informações do software
Versão do Parasolid: 37.0.118
Versão do PSBodyShop: 37.0.94
Versão do Adaptador de Passo: 15.0.142
Versão do Solid Edge: 225.00.01.004 x64

Opções de exportação do STEP
Exportar Formato: AP214
Exportar folhas de construção: Desativado
Exportar sólidos de construção: Desativado
Exportar fios de construção: Desativado
Exportar somente peças exibidas: Desativado
Exportar unidades: Millimeters
Exportar Nomes de Componente de Peça como Unicode: Desativado
Exportar PMI: Desativado

Fase 1 de 1 Convertendo Parasolid em tipos de dados externos...
Processo de conversão completo
Tempo necessário para converter:00 : 00 : 01
